
> literacy-path@0.0.0 check:app-copy
> node tools/checkAppCopy.js --rendered

App copy source pre-filter passed.
✔ teacher-facing workbooks remove internal columns, version rows, raw values, and banned copy (2.134584ms)
✔ child report CSV rows use friendly labels and never include internal record identifiers (10.392208ms)
ℹ tests 2
ℹ suites 0
ℹ pass 2
ℹ fail 0
ℹ cancelled 0
ℹ skipped 0
ℹ todo 0
ℹ duration_ms 240.444167
[WebServer] (node:33450) Warning: The 'NO_COLOR' env is ignored due to the 'FORCE_COLOR' env being set.
[WebServer] (Use `node --trace-warnings ...` to show where the warning was created)

Running 17 tests using 1 worker
(node:33451) Warning: The 'NO_COLOR' env is ignored due to the 'FORCE_COLOR' env being set.
(Use `node --trace-warnings ...` to show where the warning was created)
(node:33451) Warning: The 'NO_COLOR' env is ignored due to the 'FORCE_COLOR' env being set.
(Use `node --trace-warnings ...` to show where the warning was created)
·················
  17 passed (12.8s)
